
> pos-system-modern-ui@2.0.0 build
> vite build

[36mvite v7.1.10 [32mbuilding for production...[36m[39m
node.exe : [baseline-b
rowser-mapping] The 
data in this module 
is over two months 
old.  To ensure 
accurate Baseline 
data, please update: 
`npm i baseline-browse
r-mapping@latest -D`
At line:1 char:1
+ & "C:\Program Files\
nodejs/node.exe" "C:\U
sers\Hassa\AppData\Roa
ming\ ...
+ ~~~~~~~~~~~~~~~~~~~~
~~~~~~~~~~~~~~~~~~~~~~
~~~~~~~~~~~~~~~~~~~~~~
~~~~~
    + CategoryInfo    
          : NotSpeci  
  fied: ([baseline-   
 brows...ping@late    
st -D`:String) []    
, RemoteException
    + FullyQualifiedE 
   rrorId : NativeCo  
  mmandError
 
transforming...
[32mΓ£ô[39m 1466 modules transformed.
[31mΓ£ù[39m Build 
failed in 3.48s
[31merror during 
build:
[31mCould not 
resolve "../../utils/o
fflineManager" from "s
rc/components/POS/POSM
ain.jsx"[31m
file: [36mH:/My Work/
pos-main/src/component
s/POS/POSMain.jsx[31m
    at getRollupError 
(file:///H:/My%20Work/
pos-main/node_modules/
rollup/dist/es/shared/
parseAst.js:401:41)
    at error (file:///
H:/My%20Work/pos-main/
node_modules/rollup/di
st/es/shared/parseAst.
js:397:42)
    at ModuleLoader.ha
ndleInvalidResolvedId 
(file:///H:/My%20Work/
pos-main/node_modules/
rollup/dist/es/shared/
node-entry.js:21565:24
)
    at file:///H:/My%2
0Work/pos-main/node_mo
dules/rollup/dist/es/s
hared/node-entry.js:21
525:26[39m
